// Jest Snapshot v1, https://goo.gl/fbAQLP

exports[`Button Component Testing renders component 1`] = `
<button
  className=""
  onClick={[Function]}
>
  
</button>
`;
