// Jest Snapshot v1, https://goo.gl/fbAQLP

exports[`Toaster Component Testing renders component 1`] = `
<div
  className="toast-container position-absolute top-0 end-0 p-3"
/>
`;
