// Jest Snapshot v1, https://goo.gl/fbAQLP

exports[`Custom Input Component Testing renders component 1`] = `
<input
  placeholder=""
  type=""
/>
`;
